[debug] [2026-08-02T08:41:36.838Z] ----------------------------------------------------------------------
[debug] [2026-08-02T08:41:36.839Z] Command:       /Users/bachi/.nvm/versions/node/v24.13.1/bin/node /Users/bachi/.nvm/versions/node/v24.13.1/bin/firebase deploy --only hosting
[debug] [2026-08-02T08:41:36.840Z] CLI Version:   15.7.0
[debug] [2026-08-02T08:41:36.840Z] Platform:      darwin
[debug] [2026-08-02T08:41:36.840Z] Node Version:  v24.13.1
[debug] [2026-08-02T08:41:36.840Z] Time:          Sun Aug 02 2026 14:11:36 GMT+0530 (India Standard Time)
[debug] [2026-08-02T08:41:36.840Z] ----------------------------------------------------------------------
[debug] 
[debug] [2026-08-02T08:41:37.543Z] > command requires scopes: ["email","openid","https://www.googleapis.com/auth/cloudplatformprojects.readonly","https://www.googleapis.com/auth/firebase","https://www.googleapis.com/auth/cloud-platform"]
[debug] [2026-08-02T08:41:37.544Z] > authorizing via signed-in user (p.baslass@gmail.com)
[debug] [2026-08-02T08:41:37.544Z] [iam] checking project spendnova-ledger for permissions ["firebase.projects.get","firebasehosting.sites.update"]
[debug] [2026-08-02T08:41:37.544Z] Checked if tokens are valid: true, expires at: 1785662652603
[debug] [2026-08-02T08:41:37.544Z] Checked if tokens are valid: true, expires at: 1785662652603
[debug] [2026-08-02T08:41:37.545Z] >>> [apiv2][query] POST https://cloudresourcemanager.googleapis.com/v1/projects/spendnova-ledger:testIamPermissions [none]
[debug] [2026-08-02T08:41:37.545Z] >>> [apiv2][(partial)header] POST https://cloudresourcemanager.googleapis.com/v1/projects/spendnova-ledger:testIamPermissions  x-goog-user-project=spendnova-ledger
[debug] [2026-08-02T08:41:37.545Z] >>> [apiv2][body] POST https://cloudresourcemanager.googleapis.com/v1/projects/spendnova-ledger:testIamPermissions {"permissions":["firebase.projects.get","firebasehosting.sites.update"]}
[debug] [2026-08-02T08:41:38.840Z] <<< [apiv2][status] POST https://cloudresourcemanager.googleapis.com/v1/projects/spendnova-ledger:testIamPermissions 200
[debug] [2026-08-02T08:41:38.840Z] <<< [apiv2][body] POST https://cloudresourcemanager.googleapis.com/v1/projects/spendnova-ledger:testIamPermissions {"permissions":["firebase.projects.get","firebasehosting.sites.update"]}
[debug] [2026-08-02T08:41:38.841Z] Checked if tokens are valid: true, expires at: 1785662652603
[debug] [2026-08-02T08:41:38.841Z] Checked if tokens are valid: true, expires at: 1785662652603
[debug] [2026-08-02T08:41:38.841Z] >>> [apiv2][query] GET https://firebase.googleapis.com/v1beta1/projects/spendnova-ledger [none]
[debug] [2026-08-02T08:41:39.560Z] <<< [apiv2][status] GET https://firebase.googleapis.com/v1beta1/projects/spendnova-ledger 200
[debug] [2026-08-02T08:41:39.560Z] <<< [apiv2][body] GET https://firebase.googleapis.com/v1beta1/projects/spendnova-ledger {"projectId":"spendnova-ledger","projectNumber":"807149949513","displayName":"spendnova","name":"projects/spendnova-ledger","resources":{"hostingSite":"spendnova-ledger"},"state":"ACTIVE","labels":{"firebase":"enabled"},"etag":"1_783c08dd-1e33-4745-94c1-50e224615cdc"}
[info] 
[info] === Deploying to 'spendnova-ledger'...
[info] 
[info] i  deploying hosting 
[debug] [2026-08-02T08:41:39.564Z] Checked if tokens are valid: true, expires at: 1785662652603
[debug] [2026-08-02T08:41:39.564Z] Checked if tokens are valid: true, expires at: 1785662652603
[debug] [2026-08-02T08:41:39.564Z] >>> [apiv2][query] POST https://firebasehosting.googleapis.com/v1beta1/projects/-/sites/spendnova-ledger/versions [none]
[debug] [2026-08-02T08:41:39.564Z] >>> [apiv2][body] POST https://firebasehosting.googleapis.com/v1beta1/projects/-/sites/spendnova-ledger/versions {"status":"CREATED","labels":{"deployment-tool":"cli-firebase"}}
